\BOOKMARK [0][]{chapter.1}{\376\377\0001\000\040\000P\000r\000\363\000l\000o\000g\000o}{}% 1
\BOOKMARK [1][]{section.1.1}{\376\377\0001\000.\0001\000\040\000\277\000A\000\040\000q\000u\000i\000\351\000n\000\040\000e\000s\000t\000\341\000\040\000d\000i\000r\000i\000g\000i\000d\000o\000?}{chapter.1}% 2
\BOOKMARK [1][]{section.1.2}{\376\377\0001\000.\0002\000\040\000Q\000u\000\351\000\040\000a\000s\000u\000m\000e\000\040\000e\000l\000\040\000l\000e\000c\000t\000o\000r}{chapter.1}% 3
\BOOKMARK [1][]{section.1.3}{\376\377\0001\000.\0003\000\040\000C\000o\000n\000v\000e\000n\000c\000i\000o\000n\000e\000s\000\040\000t\000i\000p\000o\000g\000r\000\341\000f\000i\000c\000a\000s}{chapter.1}% 4
\BOOKMARK [1][]{section.1.4}{\376\377\0001\000.\0004\000\040\000E\000s\000t\000r\000u\000c\000t\000u\000r\000a\000\040\000d\000e\000l\000\040\000l\000i\000b\000r\000o}{chapter.1}% 5
\BOOKMARK [1][]{section.1.5}{\376\377\0001\000.\0005\000\040\000C\000\363\000d\000i\000g\000o\000\040\000f\000u\000e\000n\000t\000e}{chapter.1}% 6
\BOOKMARK [0][]{chapter.2}{\376\377\0002\000\040\000I\000n\000t\000r\000o\000d\000u\000c\000c\000i\000\363\000n\000\040\000a\000\040\000l\000a\000\040\000r\000e\000i\000d\000e\000n\000t\000i\000f\000i\000c\000a\000c\000i\000\363\000n\000\040\000d\000e\000\040\000p\000e\000r\000s\000o\000n\000a\000s}{}% 7
\BOOKMARK [1][]{section.2.1}{\376\377\0002\000.\0001\000\040\000\277\000Q\000u\000\351\000\040\000e\000s\000\040\000l\000a\000\040\000r\000e\000i\000d\000e\000n\000t\000i\000f\000i\000c\000a\000c\000i\000\363\000n\000\040\000d\000e\000\040\000p\000e\000r\000s\000o\000n\000a\000s\000?}{chapter.2}% 8
\BOOKMARK [1][]{section.2.2}{\376\377\0002\000.\0002\000\040\000R\000e\000i\000d\000e\000n\000t\000i\000f\000i\000c\000a\000c\000i\000\363\000n\000\040\000b\000a\000s\000a\000d\000a\000\040\000e\000n\000\040\000t\000e\000x\000t\000o}{chapter.2}% 9
\BOOKMARK [1][]{section.2.3}{\376\377\0002\000.\0003\000\040\000D\000e\000s\000a\000f\000\355\000o\000s\000\040\000d\000e\000\040\000l\000o\000s\000\040\000s\000i\000s\000t\000e\000m\000a\000s\000\040\000e\000x\000i\000s\000t\000e\000n\000t\000e\000s}{chapter.2}% 10
\BOOKMARK [1][]{section.2.4}{\376\377\0002\000.\0004\000\040\000L\000a\000\040\000s\000o\000l\000u\000c\000i\000\363\000n\000\040\000p\000r\000o\000p\000u\000e\000s\000t\000a\000:\000\040\000U\000-\000T\000e\000x\000t\000R\000e\000I\000D\000N\000e\000t}{chapter.2}% 11
\BOOKMARK [1][]{section.2.5}{\376\377\0002\000.\0005\000\040\000E\000l\000\040\000d\000a\000t\000a\000s\000e\000t\000\040\000C\000U\000H\000K\000-\000P\000E\000D\000E\000S}{chapter.2}% 12
\BOOKMARK [1][]{section.2.6}{\376\377\0002\000.\0006\000\040\000L\000o\000\040\000q\000u\000e\000\040\000e\000s\000t\000e\000\040\000l\000i\000b\000r\000o\000\040\000n\000o\000\040\000c\000u\000b\000r\000e}{chapter.2}% 13
\BOOKMARK [0][]{chapter.3}{\376\377\0003\000\040\000U\000-\000T\000e\000x\000t\000R\000e\000I\000D\000N\000e\000t\000:\000\040\000a\000r\000q\000u\000i\000t\000e\000c\000t\000u\000r\000a\000\040\000t\000e\000\363\000r\000i\000c\000a}{}% 14
\BOOKMARK [1][]{section.3.1}{\376\377\0003\000.\0001\000\040\000F\000o\000r\000m\000u\000l\000a\000c\000i\000\363\000n\000\040\000d\000e\000l\000\040\000p\000r\000o\000b\000l\000e\000m\000a}{chapter.3}% 15
\BOOKMARK [1][]{section.3.2}{\376\377\0003\000.\0002\000\040\000C\000o\000m\000p\000o\000n\000e\000n\000t\000e\000s\000\040\000p\000r\000i\000n\000c\000i\000p\000a\000l\000e\000s}{chapter.3}% 16
\BOOKMARK [2][]{subsection.3.2.1}{\376\377\0003\000.\0002\000.\0001\000\040\000R\000e\000d\000\040\000v\000i\000s\000u\000a\000l}{section.3.2}% 17
\BOOKMARK [2][]{subsection.3.2.2}{\376\377\0003\000.\0002\000.\0002\000\040\000R\000e\000d\000\040\000d\000e\000\040\000l\000e\000n\000g\000u\000a\000j\000e}{section.3.2}% 18
\BOOKMARK [2][]{subsection.3.2.3}{\376\377\0003\000.\0002\000.\0003\000\040\000C\000o\000m\000p\000o\000n\000e\000n\000t\000e\000\040\000d\000e\000\040\000c\000o\000i\000n\000c\000i\000d\000e\000n\000c\000i\000a\000\040\000d\000e\000\040\000e\000m\000b\000e\000d\000d\000i\000n\000g\000\040\000c\000o\000n\000j\000u\000n\000t\000o}{section.3.2}% 19
\BOOKMARK [1][]{section.3.3}{\376\377\0003\000.\0003\000\040\000D\000i\000a\000g\000r\000a\000m\000a\000\040\000d\000e\000\040\000b\000l\000o\000q\000u\000e\000s}{chapter.3}% 20
\BOOKMARK [1][]{section.3.4}{\376\377\0003\000.\0004\000\040\000D\000i\000m\000e\000n\000s\000i\000o\000n\000e\000s\000\040\000e\000n\000\040\000c\000a\000d\000a\000\040\000e\000t\000a\000p\000a\000:\000\040\000t\000a\000b\000l\000a\000\040\000r\000e\000s\000u\000m\000e\000n}{chapter.3}% 21
\BOOKMARK [1][]{section.3.5}{\376\377\0003\000.\0005\000\040\000P\000o\000r\000\040\000q\000u\000\351\000\040\000e\000s\000t\000a\000s\000\040\000e\000l\000e\000c\000c\000i\000o\000n\000e\000s}{chapter.3}% 22
\BOOKMARK [1][]{section.3.6}{\376\377\0003\000.\0006\000\040\000L\000o\000\040\000q\000u\000e\000\040\000c\000a\000m\000b\000i\000a\000\040\000e\000n\000\040\000e\000s\000t\000e\000\040\000p\000r\000o\000y\000e\000c\000t\000o}{chapter.3}% 23
\BOOKMARK [0][]{chapter.4}{\376\377\0004\000\040\000S\000i\000s\000t\000e\000m\000a\000\040\000d\000e\000s\000c\000e\000n\000t\000r\000a\000l\000i\000z\000a\000d\000o\000\040\000m\000u\000l\000t\000i\000c\000\341\000m\000a\000r\000a}{}% 24
\BOOKMARK [1][]{section.4.1}{\376\377\0004\000.\0001\000\040\000A\000r\000q\000u\000i\000t\000e\000c\000t\000u\000r\000a\000\040\000d\000e\000l\000\040\000s\000i\000s\000t\000e\000m\000a}{chapter.4}% 25
\BOOKMARK [1][]{section.4.2}{\376\377\0004\000.\0002\000\040\000F\000l\000u\000j\000o\000\040\000o\000p\000e\000r\000a\000t\000i\000v\000o}{chapter.4}% 26
\BOOKMARK [1][]{section.4.3}{\376\377\0004\000.\0003\000\040\000I\000m\000p\000l\000e\000m\000e\000n\000t\000a\000c\000i\000\363\000n\000\040\000d\000e\000\040\000l\000a\000\040\000e\000s\000t\000a\000c\000i\000\363\000n\000\040\000d\000e\000\040\000c\000o\000n\000t\000r\000o\000l}{chapter.4}% 27
\BOOKMARK [1][]{section.4.4}{\376\377\0004\000.\0004\000\040\000P\000o\000r\000\040\000q\000u\000\351\000\040\000e\000s\000t\000e\000\040\000p\000r\000o\000y\000e\000c\000t\000o\000\040\000n\000o\000\040\000i\000n\000c\000l\000u\000y\000e\000\040\000e\000l\000\040\000s\000i\000s\000t\000e\000m\000a}{chapter.4}% 28
\BOOKMARK [1][]{section.4.5}{\376\377\0004\000.\0005\000\040\000R\000e\000n\000d\000i\000m\000i\000e\000n\000t\000o\000\040\000r\000e\000p\000o\000r\000t\000a\000d\000o\000\040\000e\000n\000\040\000e\000l\000\040\000p\000a\000p\000e\000r}{chapter.4}% 29
\BOOKMARK [1][]{section.4.6}{\376\377\0004\000.\0006\000\040\000L\000o\000\040\000q\000u\000e\000\040\000e\000s\000t\000e\000\040\000p\000r\000o\000y\000e\000c\000t\000o\000\040\000s\000\355\000\040\000h\000a\000c\000e}{chapter.4}% 30
\BOOKMARK [0][]{chapter.5}{\376\377\0005\000\040\000E\000l\000\040\000d\000a\000t\000a\000s\000e\000t\000\040\000C\000U\000H\000K\000-\000P\000E\000D\000E\000S}{}% 31
\BOOKMARK [1][]{section.5.1}{\376\377\0005\000.\0001\000\040\000E\000l\000\040\000d\000a\000t\000a\000s\000e\000t\000\040\000e\000n\000\040\000c\000i\000f\000r\000a\000s}{chapter.5}% 32
\BOOKMARK [1][]{section.5.2}{\376\377\0005\000.\0002\000\040\000F\000o\000r\000m\000a\000t\000o\000\040\000e\000n\000\040\000d\000i\000s\000c\000o}{chapter.5}% 33
\BOOKMARK [2][]{subsection.5.2.1}{\376\377\0005\000.\0002\000.\0001\000\040\000E\000l\000\040\000a\000r\000c\000h\000i\000v\000o\000\040\000r\000e\000i\000d\000\137\000r\000a\000w\000.\000j\000s\000o\000n}{section.5.2}% 34
\BOOKMARK [1][]{section.5.3}{\376\377\0005\000.\0003\000\040\000C\000\363\000m\000o\000\040\000s\000e\000\040\000c\000a\000r\000g\000a\000n\000\040\000l\000o\000s\000\040\000d\000a\000t\000o\000s}{chapter.5}% 35
\BOOKMARK [2][]{subsection.5.3.1}{\376\377\0005\000.\0003\000.\0001\000\040\000E\000l\000\040\000l\000o\000a\000d\000e\000r\000\040\000H\000F\000:\000\040\000C\000U\000H\000K\000P\000E\000D\000E\000S\000H\000F}{section.5.3}% 36
\BOOKMARK [2][]{subsection.5.3.2}{\376\377\0005\000.\0003\000.\0002\000\040\000E\000l\000\040\000l\000o\000a\000d\000e\000r\000\040\000o\000r\000i\000g\000i\000n\000a\000l\000:\000\040\000C\000U\000H\000K\000P\000E\000D\000E\000S}{section.5.3}% 37
\BOOKMARK [1][]{section.5.4}{\376\377\0005\000.\0004\000\040\000E\000l\000\040\000d\000a\000t\000a\000l\000o\000a\000d\000e\000r\000\040\000u\000n\000i\000f\000i\000c\000a\000d\000o}{chapter.5}% 38
\BOOKMARK [1][]{section.5.5}{\376\377\0005\000.\0005\000\040\000L\000a\000\040\000c\000l\000a\000s\000e\000\040\000I\000m\000a\000g\000e\000T\000e\000x\000t\000D\000a\000t\000a\000s\000e\000t}{chapter.5}% 39
\BOOKMARK [1][]{section.5.6}{\376\377\0005\000.\0006\000\040\000P\000r\000e\000p\000r\000o\000c\000e\000s\000a\000m\000i\000e\000n\000t\000o\000\040\000d\000e\000\040\000i\000m\000a\000g\000e\000n\000:\000\040\000p\000l\000a\000c\000e\000\137\000i\000m\000a\000g\000e\000\137\000o\000n\000\137\000c\000a\000n\000v\000a\000s}{chapter.5}% 40
\BOOKMARK [1][]{section.5.7}{\376\377\0005\000.\0007\000\040\000P\000r\000e\000p\000r\000o\000c\000e\000s\000a\000m\000i\000e\000n\000t\000o\000\040\000d\000e\000\040\000t\000e\000x\000t\000o}{chapter.5}% 41
\BOOKMARK [1][]{section.5.8}{\376\377\0005\000.\0008\000\040\000N\000o\000r\000m\000a\000l\000i\000z\000a\000c\000i\000\363\000n\000\040\000d\000e\000\040\000i\000m\000a\000g\000e\000n}{chapter.5}% 42
\BOOKMARK [1][]{section.5.9}{\376\377\0005\000.\0009\000\040\000E\000l\000\040\000c\000u\000a\000d\000e\000r\000n\000o\000\040\000d\000e\000\040\000v\000a\000l\000i\000d\000a\000c\000i\000\363\000n}{chapter.5}% 43
\BOOKMARK [1][]{section.5.10}{\376\377\0005\000.\0001\0000\000\040\000D\000a\000t\000a\000s\000e\000t\000\040\000a\000u\000g\000m\000e\000n\000t\000a\000t\000i\000o\000n}{chapter.5}% 44
\BOOKMARK [1][]{section.5.11}{\376\377\0005\000.\0001\0001\000\040\000R\000e\000s\000u\000m\000e\000n\000\040\000d\000e\000l\000\040\000p\000i\000p\000e\000l\000i\000n\000e\000\040\000d\000e\000\040\000d\000a\000t\000o\000s}{chapter.5}% 45
\BOOKMARK [0][]{chapter.6}{\376\377\0006\000\040\000C\000o\000n\000f\000i\000g\000u\000r\000a\000c\000i\000\363\000n\000\040\000d\000e\000l\000\040\000p\000r\000o\000y\000e\000c\000t\000o}{}% 46
\BOOKMARK [1][]{section.6.1}{\376\377\0006\000.\0001\000\040\000L\000a\000\040\000c\000l\000a\000s\000e\000\040\000D\000o\000t\000D\000i\000c\000t}{chapter.6}% 47
\BOOKMARK [1][]{section.6.2}{\376\377\0006\000.\0002\000\040\000F\000u\000n\000c\000i\000\363\000n\000\040\000p\000r\000i\000n\000c\000i\000p\000a\000l\000:\000\040\000s\000y\000s\000\137\000c\000o\000n\000f\000i\000g\000u\000r\000a\000t\000i\000o\000n}{chapter.6}% 48
\BOOKMARK [1][]{section.6.3}{\376\377\0006\000.\0003\000\040\000T\000a\000b\000l\000a\000\040\000m\000a\000e\000s\000t\000r\000a\000\040\000d\000e\000\040\000p\000a\000r\000\341\000m\000e\000t\000r\000o\000s}{chapter.6}% 49
\BOOKMARK [1][]{section.6.4}{\376\377\0006\000.\0004\000\040\000O\000v\000e\000r\000r\000i\000d\000e\000\040\000p\000o\000r\000\040\000l\000\355\000n\000e\000a\000\040\000d\000e\000\040\000c\000o\000m\000a\000n\000d\000o\000s}{chapter.6}% 50
\BOOKMARK [1][]{section.6.5}{\376\377\0006\000.\0005\000\040\000C\000o\000n\000f\000i\000g\000u\000r\000a\000c\000i\000\363\000n\000\040\000p\000o\000r\000\040\000p\000l\000a\000t\000a\000f\000o\000r\000m\000a}{chapter.6}% 51
\BOOKMARK [1][]{section.6.6}{\376\377\0006\000.\0006\000\040\000R\000e\000p\000r\000o\000d\000u\000c\000i\000b\000i\000l\000i\000d\000a\000d}{chapter.6}% 52
\BOOKMARK [1][]{section.6.7}{\376\377\0006\000.\0007\000\040\000E\000j\000e\000m\000p\000l\000o\000\040\000d\000e\000\040\000i\000n\000s\000p\000e\000c\000c\000i\000\363\000n}{chapter.6}% 53
\BOOKMARK [0][]{chapter.7}{\376\377\0007\000\040\000R\000e\000d\000\040\000v\000i\000s\000u\000a\000l\000:\000\040\000E\000f\000f\000i\000c\000i\000e\000n\000t\000N\000e\000t\000-\000B\0000\000\040\000y\000\040\000c\000o\000n\000v\000o\000l\000u\000c\000i\000\363\000n\000\040\000s\000e\000p\000a\000r\000a\000b\000l\000e}{}% 54
\BOOKMARK [1][]{section.7.1}{\376\377\0007\000.\0001\000\040\000\277\000Q\000u\000\351\000\040\000e\000s\000\040\000E\000f\000f\000i\000c\000i\000e\000n\000t\000N\000e\000t\000?}{chapter.7}% 55
\BOOKMARK [2][]{subsection.7.1.1}{\376\377\0007\000.\0001\000.\0001\000\040\000E\000l\000\040\000p\000r\000o\000b\000l\000e\000m\000a}{section.7.1}% 56
\BOOKMARK [2][]{subsection.7.1.2}{\376\377\0007\000.\0001\000.\0002\000\040\000C\000o\000m\000p\000o\000u\000n\000d\000\040\000s\000c\000a\000l\000i\000n\000g}{section.7.1}% 57
\BOOKMARK [2][]{subsection.7.1.3}{\376\377\0007\000.\0001\000.\0003\000\040\000\277\000Q\000u\000\351\000\040\000e\000s\000\040\000M\000B\000C\000o\000n\000v\000?}{section.7.1}% 58
\BOOKMARK [2][]{subsection.7.1.4}{\376\377\0007\000.\0001\000.\0004\000\040\000L\000a\000y\000o\000u\000t\000\040\000d\000e\000\040\000B\0000}{section.7.1}% 59
\BOOKMARK [1][]{section.7.2}{\376\377\0007\000.\0002\000\040\000\277\000Q\000u\000\351\000\040\000e\000s\000\040\000l\000a\000\040\000c\000o\000n\000v\000o\000l\000u\000c\000i\000\363\000n\000\040\000s\000e\000p\000a\000r\000a\000b\000l\000e\000\040\000e\000n\000\040\000p\000r\000o\000f\000u\000n\000d\000i\000d\000a\000d\000\040\000\050\000D\000S\000C\000\051\000?}{chapter.7}% 60
\BOOKMARK [2][]{subsection.7.2.1}{\376\377\0007\000.\0002\000.\0001\000\040\000E\000l\000\040\000p\000r\000o\000b\000l\000e\000m\000a}{section.7.2}% 61
\BOOKMARK [2][]{subsection.7.2.2}{\376\377\0007\000.\0002\000.\0002\000\040\000L\000a\000\040\000f\000a\000c\000t\000o\000r\000i\000z\000a\000c\000i\000\363\000n}{section.7.2}% 62
\BOOKMARK [2][]{subsection.7.2.3}{\376\377\0007\000.\0002\000.\0003\000\040\000V\000i\000s\000u\000a\000l\000i\000z\000a\000c\000i\000\363\000n}{section.7.2}% 63
\BOOKMARK [1][]{section.7.3}{\376\377\0007\000.\0003\000\040\000\277\000Q\000u\000\351\000\040\000e\000s\000\040\000A\000d\000a\000p\000t\000i\000v\000e\000M\000a\000x\000P\000o\000o\000l\0002\000d\000?}{chapter.7}% 64
\BOOKMARK [1][]{section.7.4}{\376\377\0007\000.\0004\000\040\000C\000\363\000d\000i\000g\000o\000:\000\040\000l\000a\000\040\000c\000l\000a\000s\000e\000\040\000V\000i\000s\000u\000a\000l\000N\000e\000t\000w\000o\000r\000k}{chapter.7}% 65
\BOOKMARK [1][]{section.7.5}{\376\377\0007\000.\0005\000\040\000C\000\363\000d\000i\000g\000o\000:\000\040\000D\000e\000p\000t\000h\000w\000i\000s\000e\000S\000e\000p\000a\000r\000a\000b\000l\000e\000C\000o\000n\000v}{chapter.7}% 66
\BOOKMARK [1][]{section.7.6}{\376\377\0007\000.\0006\000\040\000E\000t\000a\000p\000a\000s\000\040\000c\000o\000n\000\040\000s\000h\000a\000p\000e\000s\000\040\000e\000x\000a\000c\000t\000a\000s\000\040\000\050\000i\000n\000p\000u\000t\000\040\0005\0001\0002\000\327\0005\0001\0002\000\051}{chapter.7}% 67
\BOOKMARK [1][]{section.7.7}{\376\377\0007\000.\0007\000\040\000F\000l\000u\000j\000o\000\040\000d\000e\000\040\000t\000e\000n\000s\000o\000r\000e\000s}{chapter.7}% 68
\BOOKMARK [1][]{section.7.8}{\376\377\0007\000.\0008\000\040\000P\000a\000r\000\341\000m\000e\000t\000r\000o\000s}{chapter.7}% 69
\BOOKMARK [0][]{chapter.8}{\376\377\0008\000\040\000R\000e\000d\000\040\000d\000e\000\040\000l\000e\000n\000g\000u\000a\000j\000e\000:\000\040\000B\000E\000R\000T\000,\000\040\000e\000m\000b\000e\000d\000d\000i\000n\000g\000s\000,\000\040\000B\000i\000G\000R\000U\000\040\000y\000\040\000p\000a\000c\000k\000-\000p\000a\000d\000d\000e\000d}{}% 70
\BOOKMARK [1][]{section.8.1}{\376\377\0008\000.\0001\000\040\000\277\000Q\000u\000\351\000\040\000e\000s\000\040\000B\000E\000R\000T\000\040\000y\000\040\000p\000o\000r\000\040\000q\000u\000\351\000\040\000s\000\363\000l\000o\000\040\000s\000u\000\040\000t\000o\000k\000e\000n\000i\000z\000e\000r\000?}{chapter.8}% 71
\BOOKMARK [2][]{subsection.8.1.1}{\376\377\0008\000.\0001\000.\0001\000\040\000B\000E\000R\000T}{section.8.1}% 72
\BOOKMARK [2][]{subsection.8.1.2}{\376\377\0008\000.\0001\000.\0002\000\040\000\277\000P\000o\000r\000\040\000q\000u\000\351\000\040\000n\000o\000\040\000u\000s\000a\000r\000\040\000B\000E\000R\000T\000\040\000e\000n\000t\000e\000r\000o\000?}{section.8.1}% 73
\BOOKMARK [2][]{subsection.8.1.3}{\376\377\0008\000.\0001\000.\0003\000\040\000C\000\363\000m\000o\000\040\000f\000u\000n\000c\000i\000o\000n\000a\000\040\000e\000l\000\040\000t\000o\000k\000e\000n\000i\000z\000e\000r\000\040\000d\000e\000\040\000B\000E\000R\000T}{section.8.1}% 74
\BOOKMARK [1][]{section.8.2}{\376\377\0008\000.\0002\000\040\000\277\000Q\000u\000\351\000\040\000e\000s\000\040\000u\000n\000\040\000e\000m\000b\000e\000d\000d\000i\000n\000g\000?}{chapter.8}% 75
\BOOKMARK [1][]{section.8.3}{\376\377\0008\000.\0003\000\040\000\277\000Q\000u\000\351\000\040\000e\000s\000\040\000u\000n\000\040\000p\000a\000d\000d\000i\000n\000g\000?}{chapter.8}% 76
\BOOKMARK [1][]{section.8.4}{\376\377\0008\000.\0004\000\040\000\277\000Q\000u\000\351\000\040\000e\000s\000\040\000u\000n\000a\000\040\000G\000R\000U\000?}{chapter.8}% 77
\BOOKMARK [1][]{section.8.5}{\376\377\0008\000.\0005\000\040\000\277\000Q\000u\000\351\000\040\000e\000s\000\040\000p\000a\000c\000k\000-\000p\000a\000d\000d\000e\000d\000-\000s\000e\000q\000u\000e\000n\000c\000e\000?}{chapter.8}% 78
\BOOKMARK [2][]{subsection.8.5.1}{\376\377\0008\000.\0005\000.\0001\000\040\000E\000l\000\040\000p\000r\000o\000b\000l\000e\000m\000a}{section.8.5}% 79
\BOOKMARK [2][]{subsection.8.5.2}{\376\377\0008\000.\0005\000.\0002\000\040\000L\000a\000\040\000s\000o\000l\000u\000c\000i\000\363\000n}{section.8.5}% 80
\BOOKMARK [1][]{section.8.6}{\376\377\0008\000.\0006\000\040\000C\000\363\000d\000i\000g\000o\000:\000\040\000G\000R\000U\000L\000a\000n\000g\000u\000a\000g\000e\000N\000e\000t\000w\000o\000r\000k}{chapter.8}% 81
\BOOKMARK [1][]{section.8.7}{\376\377\0008\000.\0007\000\040\000C\000\363\000d\000i\000g\000o\000:\000\040\000d\000o\000\137\000R\000N\000N\000\137\000c\000o\000m\000p\000u\000t\000a\000t\000i\000o\000n}{chapter.8}% 82
\BOOKMARK [1][]{section.8.8}{\376\377\0008\000.\0008\000\040\000C\000\363\000d\000i\000g\000o\000:\000\040\000B\000E\000R\000T\000T\000o\000k\000e\000n\000i\000z\000e\000r}{chapter.8}% 83
\BOOKMARK [1][]{section.8.9}{\376\377\0008\000.\0009\000\040\000C\000\363\000d\000i\000g\000o\000:\000\040\000p\000a\000d\000\137\000t\000o\000k\000e\000n\000s}{chapter.8}% 84
\BOOKMARK [1][]{section.8.10}{\376\377\0008\000.\0001\0000\000\040\000F\000l\000u\000j\000o\000\040\000d\000e\000\040\000t\000e\000n\000s\000o\000r\000e\000s}{chapter.8}% 85
\BOOKMARK [1][]{section.8.11}{\376\377\0008\000.\0001\0001\000\040\000P\000a\000r\000\341\000m\000e\000t\000r\000o\000s}{chapter.8}% 86
\BOOKMARK [0][]{chapter.9}{\376\377\0009\000\040\000T\000e\000x\000t\000R\000e\000I\000D\000N\000e\000t\000:\000\040\000j\000o\000i\000n\000t\000\040\000e\000m\000b\000e\000d\000d\000i\000n\000g\000\040\000v\000i\000s\000u\000a\000l\000-\000t\000e\000x\000t\000u\000a\000l}{}% 87
\BOOKMARK [1][]{section.9.1}{\376\377\0009\000.\0001\000\040\000\277\000Q\000u\000\351\000\040\000e\000s\000\040\000u\000n\000\040\000j\000o\000i\000n\000t\000\040\000e\000m\000b\000e\000d\000d\000i\000n\000g\000?}{chapter.9}% 88
\BOOKMARK [2][]{subsection.9.1.1}{\376\377\0009\000.\0001\000.\0001\000\040\000E\000l\000\040\000c\000o\000n\000c\000e\000p\000t\000o}{section.9.1}% 89
\BOOKMARK [1][]{section.9.2}{\376\377\0009\000.\0002\000\040\000\277\000Q\000u\000\351\000\040\000e\000s\000\040\000l\000a\000\040\000s\000i\000m\000i\000l\000i\000t\000u\000d\000\040\000c\000o\000s\000e\000n\000o\000?}{chapter.9}% 90
\BOOKMARK [1][]{section.9.3}{\376\377\0009\000.\0003\000\040\000\277\000P\000o\000r\000\040\000q\000u\000\351\000\040\000u\000n\000\040\000D\000S\000C\000\040\000c\000o\000m\000p\000a\000r\000t\000i\000d\000o\000?}{chapter.9}% 91
\BOOKMARK [1][]{section.9.4}{\376\377\0009\000.\0004\000\040\000\277\000Q\000u\000\351\000\040\000h\000a\000c\000e\000\040\000s\000q\000u\000e\000e\000z\000e\000\040\000y\000\040\000c\000o\000n\000t\000i\000g\000u\000o\000u\000s\000?}{chapter.9}% 92
\BOOKMARK [2][]{subsection.9.4.1}{\376\377\0009\000.\0004\000.\0001\000\040\000s\000q\000u\000e\000e\000z\000e\000\050\000d\000i\000m\000\051}{section.9.4}% 93
\BOOKMARK [2][]{subsection.9.4.2}{\376\377\0009\000.\0004\000.\0002\000\040\000c\000o\000n\000t\000i\000g\000u\000o\000u\000s\000\050\000\051}{section.9.4}% 94
\BOOKMARK [1][]{section.9.5}{\376\377\0009\000.\0005\000\040\000\277\000P\000o\000r\000\040\000q\000u\000\351\000\040\000d\000i\000m\000e\000n\000s\000i\000\363\000n\000\040\0001\0000\0002\0004\000?}{chapter.9}% 95
\BOOKMARK [1][]{section.9.6}{\376\377\0009\000.\0006\000\040\000C\000\363\000d\000i\000g\000o\000:\000\040\000C\000o\000n\000s\000t\000r\000u\000c\000t\000o\000r\000\040\000\137\000\137\000i\000n\000i\000t\000\137\000\137}{chapter.9}% 96
\BOOKMARK [1][]{section.9.7}{\376\377\0009\000.\0007\000\040\000C\000\363\000d\000i\000g\000o\000:\000\040\000f\000o\000r\000w\000a\000r\000d}{chapter.9}% 97
\BOOKMARK [1][]{section.9.8}{\376\377\0009\000.\0008\000\040\000C\000\363\000d\000i\000g\000o\000:\000\040\000i\000m\000a\000g\000e\000\137\000e\000m\000b\000e\000d\000d\000i\000n\000g}{chapter.9}% 98
\BOOKMARK [1][]{section.9.9}{\376\377\0009\000.\0009\000\040\000C\000\363\000d\000i\000g\000o\000:\000\040\000t\000e\000x\000t\000\137\000e\000m\000b\000e\000d\000d\000i\000n\000g}{chapter.9}% 99
\BOOKMARK [1][]{section.9.10}{\376\377\0009\000.\0001\0000\000\040\000D\000i\000a\000g\000r\000a\000m\000a\000\040\000d\000e\000l\000\040\000f\000l\000u\000j\000o\000\040\000c\000o\000m\000p\000l\000e\000t\000o}{chapter.9}% 100
\BOOKMARK [1][]{section.9.11}{\376\377\0009\000.\0001\0001\000\040\000I\000n\000i\000c\000i\000a\000l\000i\000z\000a\000c\000i\000\363\000n\000\040\000d\000e\000\040\000p\000e\000s\000o\000s}{chapter.9}% 101
\BOOKMARK [1][]{section.9.12}{\376\377\0009\000.\0001\0002\000\040\000I\000n\000f\000e\000r\000e\000n\000c\000i\000a\000:\000\040\000e\000x\000t\000r\000a\000e\000r\000\040\000e\000m\000b\000e\000d\000d\000i\000n\000g\000s}{chapter.9}% 102
\BOOKMARK [0][]{chapter.10}{\376\377\0001\0000\000\040\000F\000u\000n\000c\000i\000o\000n\000e\000s\000\040\000d\000e\000\040\000p\000\351\000r\000d\000i\000d\000a\000:\000\040\000t\000r\000i\000p\000l\000e\000t\000\040\000y\000\040\000c\000r\000o\000s\000s\000-\000e\000n\000t\000r\000o\000p\000y}{}% 103
\BOOKMARK [1][]{section.10.1}{\376\377\0001\0000\000.\0001\000\040\000\277\000Q\000u\000\351\000\040\000e\000s\000\040\000u\000n\000\040\000e\000m\000b\000e\000d\000d\000i\000n\000g\000\040\000y\000\040\000p\000o\000r\000\040\000q\000u\000\351\000\040\000n\000e\000c\000e\000s\000i\000t\000a\000\040\000p\000\351\000r\000d\000i\000d\000a\000s\000?}{chapter.10}% 104
\BOOKMARK [1][]{section.10.2}{\376\377\0001\0000\000.\0002\000\040\000\277\000Q\000u\000\351\000\040\000e\000s\000\040\000l\000a\000\040\000t\000r\000i\000p\000l\000e\000t\000\040\000l\000o\000s\000s\000?}{chapter.10}% 105
\BOOKMARK [2][]{subsection.10.2.1}{\376\377\0001\0000\000.\0002\000.\0001\000\040\000C\000o\000n\000c\000e\000p\000t\000o}{section.10.2}% 106
\BOOKMARK [2][]{subsection.10.2.2}{\376\377\0001\0000\000.\0002\000.\0002\000\040\000\277\000P\000o\000r\000\040\000q\000u\000\351\000\040\000e\000l\000\040\000m\000a\000r\000g\000e\000n\000?}{section.10.2}% 107
\BOOKMARK [1][]{section.10.3}{\376\377\0001\0000\000.\0003\000\040\000\277\000Q\000u\000\351\000\040\000e\000s\000\040\000s\000e\000m\000i\000-\000h\000a\000r\000d\000\040\000m\000i\000n\000i\000n\000g\000?}{chapter.10}% 108
\BOOKMARK [2][]{subsection.10.3.1}{\376\377\0001\0000\000.\0003\000.\0001\000\040\000L\000o\000s\000\040\000t\000r\000e\000s\000\040\000t\000i\000p\000o\000s\000\040\000d\000e\000\040\000n\000e\000g\000a\000t\000i\000v\000o\000s}{section.10.3}% 109
\BOOKMARK [2][]{subsection.10.3.2}{\376\377\0001\0000\000.\0003\000.\0002\000\040\000C\000r\000i\000t\000e\000r\000i\000o\000\040\000u\000s\000a\000d\000o\000\040\000e\000n\000\040\000e\000s\000t\000e\000\040\000p\000r\000o\000y\000e\000c\000t\000o}{section.10.3}% 110
\BOOKMARK [1][]{section.10.4}{\376\377\0001\0000\000.\0004\000\040\000\277\000Q\000u\000\351\000\040\000e\000s\000\040\000l\000a\000\040\000c\000r\000o\000s\000s\000-\000e\000n\000t\000r\000o\000p\000y\000?}{chapter.10}% 111
\BOOKMARK [2][]{subsection.10.4.1}{\376\377\0001\0000\000.\0004\000.\0001\000\040\000C\000l\000a\000s\000i\000f\000i\000c\000a\000c\000i\000\363\000n\000\040\000c\000o\000m\000o\000\040\000i\000d\000e\000n\000t\000i\000d\000a\000d}{section.10.4}% 112
\BOOKMARK [2][]{subsection.10.4.2}{\376\377\0001\0000\000.\0004\000.\0002\000\040\000P\000y\000T\000o\000r\000c\000h\000\040\000l\000o\000\040\000h\000a\000c\000e\000\040\000s\000o\000l\000o}{section.10.4}% 113
\BOOKMARK [1][]{section.10.5}{\376\377\0001\0000\000.\0005\000\040\000\277\000P\000o\000r\000\040\000q\000u\000\351\000\040\000s\000i\000m\000\351\000t\000r\000i\000c\000a\000\040\000\050\000i\0002\000t\000\040\000+\000\040\000t\0002\000i\000\051\000?}{chapter.10}% 114
\BOOKMARK [1][]{section.10.6}{\376\377\0001\0000\000.\0006\000\040\000P\000\351\000r\000d\000i\000d\000a\000\040\000t\000o\000t\000a\000l}{chapter.10}% 115
\BOOKMARK [1][]{section.10.7}{\376\377\0001\0000\000.\0007\000\040\000C\000\363\000d\000i\000g\000o\000:\000\040\000c\000a\000l\000c\000u\000l\000a\000t\000e\000\137\000s\000i\000m\000i\000l\000a\000r\000i\000t\000y}{chapter.10}% 116
\BOOKMARK [1][]{section.10.8}{\376\377\0001\0000\000.\0008\000\040\000C\000\363\000d\000i\000g\000o\000:\000\040\000R\000a\000n\000k\000i\000n\000g\000L\000o\000s\000s}{chapter.10}% 117
\BOOKMARK [1][]{section.10.9}{\376\377\0001\0000\000.\0009\000\040\000C\000\363\000d\000i\000g\000o\000:\000\040\000I\000d\000e\000n\000t\000i\000t\000y\000L\000o\000s\000s}{chapter.10}% 118
\BOOKMARK [1][]{section.10.10}{\376\377\0001\0000\000.\0001\0000\000\040\000U\000s\000o\000\040\000c\000o\000n\000j\000u\000n\000t\000o\000\040\000e\000n\000\040\000t\000r\000a\000i\000n\000.\000p\000y}{chapter.10}% 119
\BOOKMARK [0][]{chapter.11}{\376\377\0001\0001\000\040\000E\000n\000t\000r\000e\000n\000a\000m\000i\000e\000n\000t\000o\000:\000\040\000o\000p\000t\000i\000m\000i\000z\000a\000d\000o\000r\000,\000\040\000s\000c\000h\000e\000d\000u\000l\000e\000r\000\040\000y\000\040\000m\000i\000x\000e\000d\000\040\000p\000r\000e\000c\000i\000s\000i\000o\000n}{}% 120
\BOOKMARK [1][]{section.11.1}{\376\377\0001\0001\000.\0001\000\040\000\277\000Q\000u\000\351\000\040\000e\000s\000\040\000A\000d\000a\000m\000W\000?}{chapter.11}% 121
\BOOKMARK [2][]{subsection.11.1.1}{\376\377\0001\0001\000.\0001\000.\0001\000\040\000A\000d\000a\000m\000\040\000b\000\341\000s\000i\000c\000o}{section.11.1}% 122
\BOOKMARK [2][]{subsection.11.1.2}{\376\377\0001\0001\000.\0001\000.\0002\000\040\000A\000d\000a\000m\000W}{section.11.1}% 123
\BOOKMARK [1][]{section.11.2}{\376\377\0001\0001\000.\0002\000\040\000\277\000Q\000u\000\351\000\040\000e\000s\000\040\000u\000n\000\040\000L\000R\000\040\000s\000c\000h\000e\000d\000u\000l\000e\000r\000?}{chapter.11}% 124
\BOOKMARK [1][]{section.11.3}{\376\377\0001\0001\000.\0003\000\040\000\277\000Q\000u\000\351\000\040\000e\000s\000\040\000m\000i\000x\000e\000d\000\040\000p\000r\000e\000c\000i\000s\000i\000o\000n\000\040\000\050\000F\000P\0001\0006\000/\000B\000F\0001\0006\000\051\000?}{chapter.11}% 125
\BOOKMARK [2][]{subsection.11.3.1}{\376\377\0001\0001\000.\0003\000.\0001\000\040\000P\000r\000e\000c\000i\000s\000i\000o\000n\000e\000s\000\040\000d\000i\000s\000p\000o\000n\000i\000b\000l\000e\000s}{section.11.3}% 126
\BOOKMARK [2][]{subsection.11.3.2}{\376\377\0001\0001\000.\0003\000.\0002\000\040\000E\000l\000\040\000p\000r\000o\000b\000l\000e\000m\000a\000\040\000d\000e\000l\000\040\000F\000P\0001\0006}{section.11.3}% 127
\BOOKMARK [2][]{subsection.11.3.3}{\376\377\0001\0001\000.\0003\000.\0003\000\040\000S\000o\000l\000u\000c\000i\000\363\000n\000:\000\040\000G\000r\000a\000d\000S\000c\000a\000l\000e\000r}{section.11.3}% 128
\BOOKMARK [2][]{subsection.11.3.4}{\376\377\0001\0001\000.\0003\000.\0004\000\040\000A\000u\000t\000o\000c\000a\000s\000t}{section.11.3}% 129
\BOOKMARK [2][]{subsection.11.3.5}{\376\377\0001\0001\000.\0003\000.\0005\000\040\000G\000P\000U\000\040\000v\000s\000\040\000C\000P\000U}{section.11.3}% 130
\BOOKMARK [1][]{section.11.4}{\376\377\0001\0001\000.\0004\000\040\000\277\000Q\000u\000\351\000\040\000h\000a\000c\000e\000\040\000o\000p\000t\000i\000m\000i\000z\000e\000r\000.\000z\000e\000r\000o\000\137\000g\000r\000a\000d\000\050\000\051\000?}{chapter.11}% 131
\BOOKMARK [1][]{section.11.5}{\376\377\0001\0001\000.\0005\000\040\000\277\000C\000\363\000m\000o\000\040\000s\000e\000\040\000g\000u\000a\000r\000d\000a\000\040\000u\000n\000\040\000c\000h\000e\000c\000k\000p\000o\000i\000n\000t\000?}{chapter.11}% 132
\BOOKMARK [1][]{section.11.6}{\376\377\0001\0001\000.\0006\000\040\000C\000\363\000d\000i\000g\000o\000:\000\040\000t\000r\000a\000i\000n\000.\000p\000y\000\040\000m\000a\000i\000n\000\040\000+\000\040\000l\000o\000o\000p}{chapter.11}% 133
\BOOKMARK [1][]{section.11.7}{\376\377\0001\0001\000.\0007\000\040\000E\000s\000t\000i\000m\000a\000c\000i\000\363\000n\000\040\000d\000e\000\040\000t\000i\000e\000m\000p\000o}{chapter.11}% 134
\BOOKMARK [1][]{section.11.8}{\376\377\0001\0001\000.\0008\000\040\000C\000a\000v\000e\000a\000t\000s}{chapter.11}% 135
\BOOKMARK [0][]{chapter.12}{\376\377\0001\0002\000\040\000E\000v\000a\000l\000u\000a\000c\000i\000\363\000n\000:\000\040\000e\000x\000t\000r\000a\000c\000c\000i\000\363\000n\000\040\000d\000e\000\040\000f\000e\000a\000t\000u\000r\000e\000s\000\040\000y\000\040\000m\000\351\000t\000r\000i\000c\000a\000s}{}% 136
\BOOKMARK [1][]{section.12.1}{\376\377\0001\0002\000.\0001\000\040\000\277\000Q\000u\000\351\000\040\000e\000s\000\040\000l\000a\000\040\000i\000n\000f\000e\000r\000e\000n\000c\000i\000a\000\040\000\050\000e\000v\000a\000l\000u\000a\000c\000i\000\363\000n\000\051\000?}{chapter.12}% 137
\BOOKMARK [1][]{section.12.2}{\376\377\0001\0002\000.\0002\000\040\000\277\000P\000o\000r\000\040\000q\000u\000\351\000\040\000@\000t\000o\000r\000c\000h\000.\000n\000o\000\137\000g\000r\000a\000d\000\050\000\051\000?}{chapter.12}% 138
\BOOKMARK [1][]{section.12.3}{\376\377\0001\0002\000.\0003\000\040\000\277\000Q\000u\000\351\000\040\000e\000s\000\040\000m\000o\000d\000e\000l\000.\000e\000v\000a\000l\000\050\000\051\000?}{chapter.12}% 139
\BOOKMARK [1][]{section.12.4}{\376\377\0001\0002\000.\0004\000\040\000G\000a\000l\000e\000r\000\355\000a\000\040\000v\000s\000\040\000q\000u\000e\000r\000y\000:\000\040\000c\000o\000n\000v\000e\000n\000c\000i\000\363\000n\000\040\000d\000e\000\040\000e\000s\000t\000e\000\040\000p\000r\000o\000y\000e\000c\000t\000o}{chapter.12}% 140
\BOOKMARK [1][]{section.12.5}{\376\377\0001\0002\000.\0005\000\040\000C\000\363\000d\000i\000g\000o\000:\000\040\000e\000x\000t\000r\000a\000c\000c\000i\000\363\000n\000\040\000d\000e\000\040\000f\000e\000a\000t\000u\000r\000e\000s\000\040\000d\000e\000\040\000i\000m\000\341\000g\000e\000n\000e\000s}{chapter.12}% 141
\BOOKMARK [1][]{section.12.6}{\376\377\0001\0002\000.\0006\000\040\000C\000\363\000d\000i\000g\000o\000:\000\040\000e\000x\000t\000r\000a\000c\000c\000i\000\363\000n\000\040\000d\000e\000\040\000f\000e\000a\000t\000u\000r\000e\000s\000\040\000d\000e\000\040\000t\000e\000x\000t\000o\000s}{chapter.12}% 142
\BOOKMARK [1][]{section.12.7}{\376\377\0001\0002\000.\0007\000\040\000C\000\363\000d\000i\000g\000o\000:\000\040\000s\000i\000m\000i\000l\000i\000t\000u\000d\000\040\000c\000o\000s\000e\000n\000o}{chapter.12}% 143
\BOOKMARK [1][]{section.12.8}{\376\377\0001\0002\000.\0008\000\040\000C\000\363\000d\000i\000g\000o\000:\000\040\000p\000i\000p\000e\000l\000i\000n\000e\000\040\000c\000o\000m\000p\000l\000e\000t\000o\000\040\000d\000e\000\040\000e\000v\000a\000l\000u\000a\000c\000i\000\363\000n}{chapter.12}% 144
\BOOKMARK [1][]{section.12.9}{\376\377\0001\0002\000.\0009\000\040\000U\000s\000o\000\040\000d\000e\000s\000d\000e\000\040\000l\000a\000\040\000t\000e\000r\000m\000i\000n\000a\000l}{chapter.12}% 145
\BOOKMARK [1][]{section.12.10}{\376\377\0001\0002\000.\0001\0000\000\040\000R\000e\000s\000u\000l\000t\000a\000d\000o\000s\000\040\000t\000\355\000p\000i\000c\000o\000s}{chapter.12}% 146
\BOOKMARK [1][]{section.12.11}{\376\377\0001\0002\000.\0001\0001\000\040\000L\000i\000m\000i\000t\000a\000c\000i\000o\000n\000e\000s}{chapter.12}% 147
\BOOKMARK [0][]{chapter.13}{\376\377\0001\0003\000\040\000M\000\351\000t\000r\000i\000c\000a\000s\000:\000\040\000T\000o\000p\000-\000k\000,\000\040\000A\000P\000,\000\040\000m\000A\000P\000\040\000y\000\040\000C\000M\000C}{}% 148
\BOOKMARK [1][]{section.13.1}{\376\377\0001\0003\000.\0001\000\040\000E\000l\000\040\000p\000r\000o\000b\000l\000e\000m\000a\000\040\000d\000e\000\040\000e\000v\000a\000l\000u\000a\000c\000i\000\363\000n}{chapter.13}% 149
\BOOKMARK [1][]{section.13.2}{\376\377\0001\0003\000.\0002\000\040\000T\000o\000p\000-\000k\000\040\000a\000c\000c\000u\000r\000a\000c\000y\000\040\000\050\000C\000M\000C\000\051}{chapter.13}% 150
\BOOKMARK [1][]{section.13.3}{\376\377\0001\0003\000.\0003\000\040\000A\000v\000e\000r\000a\000g\000e\000\040\000P\000r\000e\000c\000i\000s\000i\000o\000n\000\040\000\050\000A\000P\000\051}{chapter.13}% 151
\BOOKMARK [1][]{section.13.4}{\376\377\0001\0003\000.\0004\000\040\000m\000A\000P\000\040\000\050\000m\000e\000a\000n\000\040\000A\000v\000e\000r\000a\000g\000e\000\040\000P\000r\000e\000c\000i\000s\000i\000o\000n\000\051}{chapter.13}% 152
\BOOKMARK [1][]{section.13.5}{\376\377\0001\0003\000.\0005\000\040\000C\000M\000C\000:\000\040\000e\000l\000\040\000v\000e\000c\000t\000o\000r\000\040\000c\000o\000m\000p\000l\000e\000t\000o}{chapter.13}% 153
\BOOKMARK [1][]{section.13.6}{\376\377\0001\0003\000.\0006\000\040\000I\000n\000t\000e\000r\000p\000r\000e\000t\000a\000c\000i\000\363\000n\000\040\000d\000e\000\040\000n\000\372\000m\000e\000r\000o\000s}{chapter.13}% 154
\BOOKMARK [1][]{section.13.7}{\376\377\0001\0003\000.\0007\000\040\000E\000j\000e\000m\000p\000l\000o\000\040\000n\000u\000m\000\351\000r\000i\000c\000o\000\040\000c\000o\000m\000p\000l\000e\000t\000o}{chapter.13}% 155
\BOOKMARK [1][]{section.13.8}{\376\377\0001\0003\000.\0008\000\040\000R\000e\000s\000u\000m\000e\000n}{chapter.13}% 156
\BOOKMARK [0][]{chapter.14}{\376\377\0001\0004\000\040\000A\000p\000\351\000n\000d\000i\000c\000e\000s}{}% 157
\BOOKMARK [1][]{section.14.1}{\376\377\0001\0004\000.\0001\000\040\000G\000l\000o\000s\000a\000r\000i\000o}{chapter.14}% 158
\BOOKMARK [1][]{section.14.2}{\376\377\0001\0004\000.\0002\000\040\000T\000a\000b\000l\000a\000\040\000m\000a\000e\000s\000t\000r\000a\000\040\000d\000e\000\040\000p\000a\000r\000\341\000m\000e\000t\000r\000o\000s\000\040\000d\000e\000l\000\040\000m\000o\000d\000e\000l\000o}{chapter.14}% 159
\BOOKMARK [1][]{section.14.3}{\376\377\0001\0004\000.\0003\000\040\000T\000a\000b\000l\000a\000\040\000m\000a\000e\000s\000t\000r\000a\000\040\000d\000e\000\040\000h\000i\000p\000e\000r\000p\000a\000r\000\341\000m\000e\000t\000r\000o\000s\000\040\000d\000e\000\040\000e\000n\000t\000r\000e\000n\000a\000m\000i\000e\000n\000t\000o}{chapter.14}% 160
\BOOKMARK [1][]{section.14.4}{\376\377\0001\0004\000.\0004\000\040\000R\000e\000s\000u\000l\000t\000a\000d\000o\000s\000\040\000r\000e\000p\000o\000r\000t\000a\000d\000o\000s\000\040\000e\000n\000\040\000e\000l\000\040\000p\000a\000p\000e\000r}{chapter.14}% 161
\BOOKMARK [1][]{section.14.5}{\376\377\0001\0004\000.\0005\000\040\000M\000a\000p\000a\000\040\000d\000e\000\040\000a\000r\000c\000h\000i\000v\000o\000s}{chapter.14}% 162
\BOOKMARK [1][]{section.14.6}{\376\377\0001\0004\000.\0006\000\040\000C\000h\000e\000a\000t\000s\000h\000e\000e\000t\000\040\000d\000e\000\040\000B\000a\000s\000h}{chapter.14}% 163
\BOOKMARK [1][]{section.14.7}{\376\377\0001\0004\000.\0007\000\040\000R\000e\000f\000e\000r\000e\000n\000c\000i\000a\000s}{chapter.14}% 164
